// Jest Snapshot v1, https://goo.gl/fbAQLP

exports[`QuestionDetails should render correctly 1`] = `
<DocumentFragment>
  <header>
    <h1
      class="sc-hKFxyN fbZLAc"
    >
      Questions Detail
    </h1>
  </header>
  <article>
    <h2>
      Question: Favourite language?
    </h2>
    <div
      class="sc-bdnxRM fPfiLM"
      role="table"
    >
      <div
        class="sc-gtsrHT fPjFeZ"
        role="row"
      >
        <div
          class="sc-dlnjwi cJyYRj"
          role="cell"
        >
          Deutsch
        </div>
        <div
          class="sc-dlnjwi cJyYRj"
          role="cell"
        >
          2
        </div>
        <div
          class="sc-dlnjwi cJyYRj"
          role="cell"
        >
          <div
            class="sc-jSFjdj emKhFE"
            role="progressbar"
          >
            <div
              class="sc-gKAaRy blatPh"
              width="66.66666666666666"
            >
              66.67 %
            </div>
          </div>
        </div>
        <div
          class="sc-dlnjwi cJyYRj"
          role="cell"
        >
          <label>
            <input
              type="radio"
            />
            Vote
          </label>
        </div>
      </div>
      <div
        class="sc-gtsrHT fPjFeZ"
        role="row"
      >
        <div
          class="sc-dlnjwi cJyYRj"
          role="cell"
        >
          English
        </div>
        <div
          class="sc-dlnjwi cJyYRj"
          role="cell"
        >
          1
        </div>
        <div
          class="sc-dlnjwi cJyYRj"
          role="cell"
        >
          <div
            class="sc-jSFjdj emKhFE"
            role="progressbar"
          >
            <div
              class="sc-gKAaRy hLOGOR"
              width="33.33333333333333"
            >
              33.33 %
            </div>
          </div>
        </div>
        <div
          class="sc-dlnjwi cJyYRj"
          role="cell"
        >
          <label>
            <input
              type="radio"
            />
            Vote
          </label>
        </div>
      </div>
      <div
        class="sc-gtsrHT fPjFeZ"
        role="row"
      >
        <div
          class="sc-dlnjwi cJyYRj"
          role="cell"
        >
          Czech
        </div>
        <div
          class="sc-dlnjwi cJyYRj"
          role="cell"
        >
          0
        </div>
        <div
          class="sc-dlnjwi cJyYRj"
          role="cell"
        >
          <div
            class="sc-jSFjdj emKhFE"
            role="progressbar"
          >
            <div
              class="sc-gKAaRy iMEojH"
              width="0"
            >
              0.00 %
            </div>
          </div>
        </div>
        <div
          class="sc-dlnjwi cJyYRj"
          role="cell"
        >
          <label>
            <input
              type="radio"
            />
            Vote
          </label>
        </div>
      </div>
      <div
        class="sc-gtsrHT fPjFeZ"
        role="row"
      >
        <div
          class="sc-dlnjwi cJyYRj"
          role="cell"
        >
          Spanish
        </div>
        <div
          class="sc-dlnjwi cJyYRj"
          role="cell"
        >
          0
        </div>
        <div
          class="sc-dlnjwi cJyYRj"
          role="cell"
        >
          <div
            class="sc-jSFjdj emKhFE"
            role="progressbar"
          >
            <div
              class="sc-gKAaRy iMEojH"
              width="0"
            >
              0.00 %
            </div>
          </div>
        </div>
        <div
          class="sc-dlnjwi cJyYRj"
          role="cell"
        >
          <label>
            <input
              type="radio"
            />
            Vote
          </label>
        </div>
      </div>
    </div>
  </article>
  <div
    class="sc-eCApnc koQIzQ"
  >
    <button
      aria-label="Submit your vote!"
      disabled=""
      type="submit"
    >
      Submit your vote!
    </button>
  </div>
</DocumentFragment>
`;
